// Jest Snapshot v1, https://goo.gl/fbAQLP

exports[`ðŸ“¸ of Form component with empty 1`] = `
<div>
  <form
    class="items-center"
  >
    <div
      class="flex"
    >
      <input
        aria-label="Search"
        class="bg-white focus:outline-none focus:shadow-outline border border-gray-300 w-1/2 rounded-lg py-2 px-4 block appearance-none leading-normal"
        name="search#q"
        placeholder="Search"
        type="text"
        value=""
      />
      <button
        class="inline-block text-sm px-4 py-3 mx-3 leading-none border rounded text-white bg-black border-black lg:mt-0"
        type="button"
      >
        Search
      </button>
    </div>
  </form>
</div>
`;

exports[`ðŸ“¸ of Form component with query 1`] = `
<div>
  <form
    class="items-center"
  >
    <div
      class="flex"
    >
      <input
        aria-label="Search"
        class="bg-white focus:outline-none focus:shadow-outline border border-gray-300 w-1/2 rounded-lg py-2 px-4 block appearance-none leading-normal"
        name="search#q"
        placeholder="Search"
        type="text"
        value=""
      />
      <button
        class="inline-block text-sm px-4 py-3 mx-3 leading-none border rounded text-white bg-black border-black lg:mt-0"
        type="button"
      >
        Search
      </button>
    </div>
  </form>
</div>
`;
